node.exe : npm warn Unknown cli config "--lint". This will stop working in the 
next major version of npm.
At line:1 char:1
+ & "Z:\Softwares\Installed\nodejs/node.exe" "Z:\Softwares\Installed\no ...
+ ~~~~~~~~~~~~~~~~~~~~~~~~~~~~~~~~~~~~~~~~~~~~~~~~~~~~~~~~~~~~~~~~~~~~~
    + CategoryInfo          : NotSpecified: (npm warn Unknow...version of npm. 
   :String) [], RemoteException
    + FullyQualifiedErrorId : NativeCommandError
 

> next-trpc-prisma-auth-shadcn@1.0.0 build
> next build

  Γû▓ Next.js 14.2.33
  - Environments: .env.local, .env
  - Experiments (use with caution):
    ┬╖ turbotrace

   Creating an optimized production build ...
 Γ£ô Compiled successfully
   Skipping linting
   Checking validity of types ...
Failed to compile.

./server/trpc/router/admin.ts:221:27
Type error: Type '{ ssc: null; activeMembershipPackageId: { readonly not: 
null; }; activated: true; OR: readonly [{ readonly membershipExpiresAt: null; 
}, { readonly membershipExpiresAt: { readonly gt: Date; }; }]; }' is not 
assignable to type 'UserWhereInput'.
  Types of property 'OR' are incompatible.
    The type 'readonly [{ readonly membershipExpiresAt: null; }, { readonly 
membershipExpiresAt: { readonly gt: Date; }; }]' is 'readonly' and cannot be 
assigned to the mutable type 'UserWhereInput[]'.

[0m [90m 219 |[39m[0m
[0m [90m 220 |[39m     [36mconst[39m [pending[33m,[39m 
activeWithCodes[33m,[39m totalActive] [33m=[39m [36mawait[39m 
prisma[33m.[39m$transaction([[0m
[0m[31m[1m>[22m[39m[90m 221 |[39m       
prisma[33m.[39muser[33m.[39mcount({ where[33m:[39m { 
[33m...[39mactiveMembershipFilter[33m,[39m ssc[33m:[39m [36mnull[39m } 
})[33m,[39m[0m
[0m [90m     |[39m                           [31m[1m^[22m[39m[0m
[0m [90m 222 |[39m       prisma[33m.[39muser[33m.[39mcount({ 
where[33m:[39m { [33m...[39mactiveMembershipFilter[33m,[39m 
ssc[33m:[39m { not[33m:[39m [36mnull[39m } } })[33m,[39m[0m
[0m [90m 223 |[39m       prisma[33m.[39muser[33m.[39mcount({ 
where[33m:[39m activeMembershipFilter })[33m,[39m[0m
[0m [90m 224 |[39m     ])[33m;[39m[0m
Next.js build worker exited with code: 1 and signal: null
